Array: 
5 2 7 4 3 
Min, max, average:
2 7 4.2
Array: 
72 34 41 85 97 61 55 27 3 60 
Min, max, average:
3 97 53.5
Array: 
15 34 41 85 60 61 55 27 72 97 
Min, max, average:
15 97 54.7
