5 2 7 4 3 
10 is greater than the range.
72 34 41 85 97 61 55 27 3 60 
94 is NOT greater than the range.
15 34 41 85 60 61 55 27 72 97 
83 is NOT greater than the range.
