Results of count occurrences of large integers:
3498537 1
3498536 1
3498534 1
3498533 3
3498532 2
3498531 1
3498527 1
Results of count occurrences of large integers:
2147450913 14
2147450649 25
2147450314 11
