After merging of 5 queues, the resulting vector is:
1 2 2 2 3 3 5 5 5 6 6 7 8 8 9 10 11 11 12 13 15 15 15 16 17 17 17 17 18 19 19 19 19 20 20 22 23 23 23 24 24 25 25 26 28 28 29 29 31 32 33 33 35 35 35 36 36 36 40 40 40 40 41 41 41 41 42 42 43 44 44 44 45 46 46 47 47 47 48 49 49 49 50 
